   1               	# 1 "wireless/aes/aes_invsbox-asm.S"
   1               	/* aes_sbox-asm.S */
   0               	
   0               	
   2               	/*
   3               	    This file is part of the AVR-Crypto-Lib.
   4               	    Copyright (C) 2006-2015 Daniel Otte (bg@nerilex.org)
   5               	
   6               	    This program is free software: you can redistribute it and/or modify
   7               	    it under the terms of the GNU General Public License as published by
   8               	    the Free Software Foundation, either version 3 of the License, or
   9               	    (at your option) any later version.
  10               	
  11               	    This program is distributed in the hope that it will be useful,
  12               	    but WITHOUT ANY WARRANTY; without even the implied warranty of
  13               	    MERCHANTABILITY or FITNESS FOR A PARTICULAR PURPOSE.  See the
  14               	    GNU General Public License for more details.
  15               	
  16               	    You should have received a copy of the GNU General Public License
  17               	    along with this program.  If not, see <http://www.gnu.org/licenses/>.
  18               	*/
  19               	/**
  20               	 * \file     aes_dec-asm.S
  21               	 * \email    bg@nerilex.org
  22               	 * \author   Daniel Otte 
  23               	 * \date     2009-01-10
  24               	 * \license  GPLv3 or later
  25               	 * 
  26               	 */
  27               	.balign 256
  28               	.global aes_invsbox
  29               	aes_invsbox:
  30 0000 5209 6AD5 	.byte 0x52, 0x09, 0x6a, 0xd5, 0x30, 0x36, 0xa5, 0x38, 0xbf, 0x40, 0xa3, 0x9e, 0x81, 0xf3, 0xd7, 0xf
  30      3036 A538 
  30      BF40 A39E 
  30      81F3 D7FB 
  31 0010 7CE3 3982 	.byte 0x7c, 0xe3, 0x39, 0x82, 0x9b, 0x2f, 0xff, 0x87, 0x34, 0x8e, 0x43, 0x44, 0xc4, 0xde, 0xe9, 0xc
  31      9B2F FF87 
  31      348E 4344 
  31      C4DE E9CB 
  32 0020 547B 9432 	.byte 0x54, 0x7b, 0x94, 0x32, 0xa6, 0xc2, 0x23, 0x3d, 0xee, 0x4c, 0x95, 0x0b, 0x42, 0xfa, 0xc3, 0x4
  32      A6C2 233D 
  32      EE4C 950B 
  32      42FA C34E 
  33 0030 082E A166 	.byte 0x08, 0x2e, 0xa1, 0x66, 0x28, 0xd9, 0x24, 0xb2, 0x76, 0x5b, 0xa2, 0x49, 0x6d, 0x8b, 0xd1, 0x2
  33      28D9 24B2 
  33      765B A249 
  33      6D8B D125 
  34 0040 72F8 F664 	.byte 0x72, 0xf8, 0xf6, 0x64, 0x86, 0x68, 0x98, 0x16, 0xd4, 0xa4, 0x5c, 0xcc, 0x5d, 0x65, 0xb6, 0x9
  34      8668 9816 
  34      D4A4 5CCC 
  34      5D65 B692 
  35 0050 6C70 4850 	.byte 0x6c, 0x70, 0x48, 0x50, 0xfd, 0xed, 0xb9, 0xda, 0x5e, 0x15, 0x46, 0x57, 0xa7, 0x8d, 0x9d, 0x8
  35      FDED B9DA 
  35      5E15 4657 
  35      A78D 9D84 
  36 0060 90D8 AB00 	.byte 0x90, 0xd8, 0xab, 0x00, 0x8c, 0xbc, 0xd3, 0x0a, 0xf7, 0xe4, 0x58, 0x05, 0xb8, 0xb3, 0x45, 0x0
  36      8CBC D30A 
  36      F7E4 5805 
  36      B8B3 4506 
  37 0070 D02C 1E8F 	.byte 0xd0, 0x2c, 0x1e, 0x8f, 0xca, 0x3f, 0x0f, 0x02, 0xc1, 0xaf, 0xbd, 0x03, 0x01, 0x13, 0x8a, 0x6
  37      CA3F 0F02 
  37      C1AF BD03 
  37      0113 8A6B 
  38 0080 3A91 1141 	.byte 0x3a, 0x91, 0x11, 0x41, 0x4f, 0x67, 0xdc, 0xea, 0x97, 0xf2, 0xcf, 0xce, 0xf0, 0xb4, 0xe6, 0x7
  38      4F67 DCEA 
  38      97F2 CFCE 
  38      F0B4 E673 
  39 0090 96AC 7422 	.byte 0x96, 0xac, 0x74, 0x22, 0xe7, 0xad, 0x35, 0x85, 0xe2, 0xf9, 0x37, 0xe8, 0x1c, 0x75, 0xdf, 0x6
  39      E7AD 3585 
  39      E2F9 37E8 
  39      1C75 DF6E 
  40 00a0 47F1 1A71 	.byte 0x47, 0xf1, 0x1a, 0x71, 0x1d, 0x29, 0xc5, 0x89, 0x6f, 0xb7, 0x62, 0x0e, 0xaa, 0x18, 0xbe, 0x1
  40      1D29 C589 
  40      6FB7 620E 
  40      AA18 BE1B 
  41 00b0 FC56 3E4B 	.byte 0xfc, 0x56, 0x3e, 0x4b, 0xc6, 0xd2, 0x79, 0x20, 0x9a, 0xdb, 0xc0, 0xfe, 0x78, 0xcd, 0x5a, 0xf
  41      C6D2 7920 
  41      9ADB C0FE 
  41      78CD 5AF4 
  42 00c0 1FDD A833 	.byte 0x1f, 0xdd, 0xa8, 0x33, 0x88, 0x07, 0xc7, 0x31, 0xb1, 0x12, 0x10, 0x59, 0x27, 0x80, 0xec, 0x5
  42      8807 C731 
  42      B112 1059 
  42      2780 EC5F 
  43 00d0 6051 7FA9 	.byte 0x60, 0x51, 0x7f, 0xa9, 0x19, 0xb5, 0x4a, 0x0d, 0x2d, 0xe5, 0x7a, 0x9f, 0x93, 0xc9, 0x9c, 0xe
  43      19B5 4A0D 
  43      2DE5 7A9F 
  43      93C9 9CEF 
  44 00e0 A0E0 3B4D 	.byte 0xa0, 0xe0, 0x3b, 0x4d, 0xae, 0x2a, 0xf5, 0xb0, 0xc8, 0xeb, 0xbb, 0x3c, 0x83, 0x53, 0x99, 0x6
  44      AE2A F5B0 
  44      C8EB BB3C 
  44      8353 9961 
  45 00f0 172B 047E 	.byte 0x17, 0x2b, 0x04, 0x7e, 0xba, 0x77, 0xd6, 0x26, 0xe1, 0x69, 0x14, 0x63, 0x55, 0x21, 0x0c, 0x7
  45      BA77 D626 
  45      E169 1463 
  45      5521 0C7D 
DEFINED SYMBOLS
wireless/aes/aes_invsbox-asm.S:29     .text:0000000000000000 aes_invsbox

NO UNDEFINED SYMBOLS
